%!Adobe-FontList 1.20
%Locale:0x412

%BeginFont
Handler:DirectoryHandler
FontType:Invalid
OutlineFileName:C:\Users\102-01\Desktop\project2-최종\Font\font.css
FileModTime:1686696376
%EndFont

%BeginFont
Handler:DirectoryHandler
FontType:CID
FontName:JGaegujaengyi-Bold
FamilyName:JGaegujaengyi
StyleName:Bold
FullName:JGaegujaengyi Bold
MenuName:J개구쟁이 Bold
StyleBits:0
FamilyNameNative:J개구쟁이
StyleNameNative:Bold
FullNameNative:J개구쟁이 Bold
WritingScript:Korean
OutlineFileName:C:\Users\102-01\Desktop\project2-최종\Font\JGaegujaengyi_Bold.otf
DataFormat:sfntData
isCFF:yes
hasSVG:no
VariableFontType:NonVariableFont
FileLength:871140
FileModTime:1686696376
WeightClass:700
WidthClass:7
AngleClass:0
NameArray:0,Mac,4,JGaegujaengyi Bold
NameArray:3,Mac,4,J개구쟁이 Bold
NameArray:0,Win,1,JGaegujaengyi Bold
NameArray:0,Win,16,JGaegujaengyi
NameArray:3,Win,1,J개구쟁이 Bold
NameArray:3,Win,16,J개구쟁이
%EndFont

%BeginFont
Handler:DirectoryHandler
FontType:CID
FontName:JGaegujaengyi-Light
FamilyName:JGaegujaengyi
StyleName:Light
FullName:JGaegujaengyi Light
MenuName:J개구쟁이 Light
StyleBits:0
FamilyNameNative:J개구쟁이
StyleNameNative:Light
FullNameNative:J개구쟁이 Light
WritingScript:Korean
OutlineFileName:C:\Users\102-01\Desktop\project2-최종\Font\JGaegujaengyi_Light.otf
DataFormat:sfntData
isCFF:yes
hasSVG:no
VariableFontType:NonVariableFont
FileLength:893024
FileModTime:1686696376
WeightClass:300
WidthClass:3
AngleClass:0
NameArray:0,Mac,4,JGaegujaengyi Light
NameArray:3,Mac,4,J개구쟁이 Light
NameArray:0,Win,1,JGaegujaengyi Light
NameArray:0,Win,16,JGaegujaengyi
NameArray:3,Win,1,J개구쟁이 Light
NameArray:3,Win,16,J개구쟁이
%EndFont

%BeginFont
Handler:DirectoryHandler
FontType:CID
FontName:JGaegujaengyi-Medium
FamilyName:JGaegujaengyi
StyleName:Medium
FullName:JGaegujaengyi Medium
MenuName:J개구쟁이 Medium
StyleBits:0
FamilyNameNative:J개구쟁이
StyleNameNative:Medium
FullNameNative:J개구쟁이 Medium
WritingScript:Korean
OutlineFileName:C:\Users\102-01\Desktop\project2-최종\Font\JGaegujaengyi_Medium.otf
DataFormat:sfntData
isCFF:yes
hasSVG:no
VariableFontType:NonVariableFont
FileLength:381744
FileModTime:1686696376
WeightClass:500
WidthClass:5
AngleClass:0
NameArray:0,Mac,4,JGaegujaengyi Medium
NameArray:3,Mac,4,J개구쟁이 Medium
NameArray:0,Win,1,JGaegujaengyi Medium
NameArray:0,Win,16,JGaegujaengyi
NameArray:3,Win,1,J개구쟁이 Medium
NameArray:3,Win,16,J개구쟁이
%EndFont

%BeginFont
Handler:DirectoryHandler
FontType:CID
FontName:OTRecipekoreaM
FamilyName:RecipekoreaOTF
StyleName:Medium
FullName:RecipekoreaOTF Medium
MenuName:레시피코리아OTF Medium
StyleBits:2
FamilyNameNative:레시피코리아OTF
StyleNameNative:Medium
FullNameNative:레시피코리아OTF Medium
WritingScript:Korean
OutlineFileName:C:\Users\102-01\Desktop\project2-최종\Font\Recipekorea.otf
DataFormat:sfntData
isCFF:yes
hasSVG:no
VariableFontType:NonVariableFont
FileLength:770164
FileModTime:1686696376
WeightClass:400
WidthClass:5
AngleClass:0
NameArray:0,Mac,4,RecipekoreaOTF Medium
NameArray:3,Mac,4,레시피코리아OTF Medium
NameArray:3,Mac,18,레시피코리아OTF Medium
NameArray:0,Win,1,RecipekoreaOTF Medium
NameArray:0,Win,16,RecipekoreaOTF
NameArray:3,Win,1,레시피코리아OTF Medium
NameArray:3,Win,16,레시피코리아OTF
%EndFont

%BeginFont
Handler:DirectoryHandler
FontType:TrueType
FontName:RecipekoreaM
FamilyName:Recipekorea
StyleName:Medium
FullName:Recipekorea Medium
MenuName:레시피코리아 Medium
StyleBits:0
FamilyNameNative:레시피코리아
StyleNameNative:Medium
FullNameNative:레시피코리아 Medium
WritingScript:Korean
OutlineFileName:C:\Users\102-01\Desktop\project2-최종\Font\Recipekorea.ttf
DataFormat:sfntData
hasSVG:no
VariableFontType:NonVariableFont
FileLength:946300
FileModTime:1686696376
WeightClass:400
WidthClass:5
AngleClass:0
NameArray:0,Win,1,Recipekorea Medium
NameArray:0,Win,16,Recipekorea
NameArray:3,Win,1,레시피코리아 Medium
NameArray:3,Win,16,레시피코리아
%EndFont

%BeginFont
Handler:DirectoryHandler
FontType:Type1
FontName:S-CoreDream-1Thin
FamilyName:S-Core Dream
StyleName:1 Thin
FullName:S-Core Dream 1 Thin
MenuName:에스코어 드림 1 Thin
StyleBits:0
FamilyNameNative:에스코어 드림
StyleNameNative:1 Thin
FullNameNative:에스코어 드림 1 Thin
WritingScript:Korean
OutlineFileName:C:\Users\102-01\Desktop\project2-최종\Font\SCDream1.otf
DataFormat:sfntData
UsesStandardEncoding:yes
isCFF:yes
hasSVG:no
VariableFontType:NonVariableFont
FileLength:736140
FileModTime:1686696376
WeightClass:100
WidthClass:5
AngleClass:0
NameArray:0,Mac,4,S-Core Dream 1 Thin
NameArray:0,Win,1,S-Core Dream 1 Thin
NameArray:0,Win,16,S-Core Dream
NameArray:3,Win,1,에스코어 드림 1 Thin
NameArray:3,Win,16,에스코어 드림
%EndFont

%BeginFont
Handler:DirectoryHandler
FontType:Type1
FontName:S-CoreDream-2ExtraLight
FamilyName:S-Core Dream
StyleName:2 ExtraLight
FullName:S-Core Dream 2 ExtraLight
MenuName:에스코어 드림 2 ExtraLight
StyleBits:0
FamilyNameNative:에스코어 드림
StyleNameNative:2 ExtraLight
FullNameNative:에스코어 드림 2 ExtraLight
WritingScript:Korean
OutlineFileName:C:\Users\102-01\Desktop\project2-최종\Font\SCDream2.otf
DataFormat:sfntData
UsesStandardEncoding:yes
isCFF:yes
hasSVG:no
VariableFontType:NonVariableFont
FileLength:734208
FileModTime:1686696376
WeightClass:200
WidthClass:5
AngleClass:0
NameArray:0,Mac,4,S-Core Dream 2 ExtraLight
NameArray:0,Win,1,S-Core Dream 2 ExtraLight
NameArray:0,Win,16,S-Core Dream
NameArray:3,Win,1,에스코어 드림 2 ExtraLight
NameArray:3,Win,16,에스코어 드림
%EndFont

%BeginFont
Handler:DirectoryHandler
FontType:Type1
FontName:S-CoreDream-3Light
FamilyName:S-Core Dream
StyleName:3 Light
FullName:S-Core Dream 3 Light
MenuName:에스코어 드림 3 Light
StyleBits:0
FamilyNameNative:에스코어 드림
StyleNameNative:3 Light
FullNameNative:에스코어 드림 3 Light
WritingScript:Korean
OutlineFileName:C:\Users\102-01\Desktop\project2-최종\Font\SCDream3.otf
DataFormat:sfntData
UsesStandardEncoding:yes
isCFF:yes
hasSVG:no
VariableFontType:NonVariableFont
FileLength:732548
FileModTime:1686696376
WeightClass:300
WidthClass:5
AngleClass:0
NameArray:0,Mac,4,S-Core Dream 3 Light
NameArray:0,Win,1,S-Core Dream 3 Light
NameArray:0,Win,16,S-Core Dream
NameArray:3,Win,1,에스코어 드림 3 Light
NameArray:3,Win,16,에스코어 드림
%EndFont

%BeginFont
Handler:DirectoryHandler
FontType:Type1
FontName:S-CoreDream-4Regular
FamilyName:S-Core Dream
StyleName:4 Regular
FullName:S-Core Dream 4 Regular
MenuName:에스코어 드림 4 Regular
StyleBits:0
FamilyNameNative:에스코어 드림
StyleNameNative:4 Regular
FullNameNative:에스코어 드림 4 Regular
WritingScript:Korean
OutlineFileName:C:\Users\102-01\Desktop\project2-최종\Font\SCDream4.otf
DataFormat:sfntData
UsesStandardEncoding:yes
isCFF:yes
hasSVG:no
VariableFontType:NonVariableFont
FileLength:729724
FileModTime:1686696376
WeightClass:200
WidthClass:5
AngleClass:0
NameArray:0,Mac,4,S-Core Dream 4 Regular
NameArray:0,Win,1,S-Core Dream 4 Regular
NameArray:0,Win,16,S-Core Dream
NameArray:3,Win,1,에스코어 드림 4 Regular
NameArray:3,Win,16,에스코어 드림
%EndFont

%BeginFont
Handler:DirectoryHandler
FontType:Type1
FontName:S-CoreDream-5Medium
FamilyName:S-Core Dream
StyleName:5 Medium
FullName:S-Core Dream 5 Medium
MenuName:에스코어 드림 5 Medium
StyleBits:0
FamilyNameNative:에스코어 드림
StyleNameNative:5 Medium
FullNameNative:에스코어 드림 5 Medium
WritingScript:Korean
OutlineFileName:C:\Users\102-01\Desktop\project2-최종\Font\SCDream5.otf
DataFormat:sfntData
UsesStandardEncoding:yes
isCFF:yes
hasSVG:no
VariableFontType:NonVariableFont
FileLength:732032
FileModTime:1686696376
WeightClass:500
WidthClass:5
AngleClass:0
NameArray:0,Mac,4,S-Core Dream 5 Medium
NameArray:0,Win,1,S-Core Dream 5 Medium
NameArray:0,Win,16,S-Core Dream
NameArray:3,Win,1,에스코어 드림 5 Medium
NameArray:3,Win,16,에스코어 드림
%EndFont

%BeginFont
Handler:DirectoryHandler
FontType:Type1
FontName:S-CoreDream-6Bold
FamilyName:S-Core Dream
StyleName:6 Bold
FullName:S-Core Dream 6 Bold
MenuName:에스코어 드림 6 Bold
StyleBits:0
FamilyNameNative:에스코어 드림
StyleNameNative:6 Bold
FullNameNative:에스코어 드림 6 Bold
WritingScript:Korean
OutlineFileName:C:\Users\102-01\Desktop\project2-최종\Font\SCDream6.otf
DataFormat:sfntData
UsesStandardEncoding:yes
isCFF:yes
hasSVG:no
VariableFontType:NonVariableFont
FileLength:743480
FileModTime:1686696376
WeightClass:600
WidthClass:5
AngleClass:0
NameArray:0,Mac,4,S-Core Dream 6 Bold
NameArray:0,Win,1,S-Core Dream 6 Bold
NameArray:0,Win,16,S-Core Dream
NameArray:3,Win,1,에스코어 드림 6 Bold
NameArray:3,Win,16,에스코어 드림
%EndFont

%BeginFont
Handler:DirectoryHandler
FontType:Type1
FontName:S-CoreDream-7ExtraBold
FamilyName:S-Core Dream
StyleName:7 ExtraBold
FullName:S-Core Dream 7 ExtraBold
MenuName:에스코어 드림 7 ExtraBold
StyleBits:0
FamilyNameNative:에스코어 드림
StyleNameNative:7 ExtraBold
FullNameNative:에스코어 드림 7 ExtraBold
WritingScript:Korean
OutlineFileName:C:\Users\102-01\Desktop\project2-최종\Font\SCDream7.otf
DataFormat:sfntData
UsesStandardEncoding:yes
isCFF:yes
hasSVG:no
VariableFontType:NonVariableFont
FileLength:743744
FileModTime:1686696376
WeightClass:700
WidthClass:5
AngleClass:0
NameArray:0,Mac,4,S-Core Dream 7 ExtraBold
NameArray:0,Win,1,S-Core Dream 7 ExtraBold
NameArray:0,Win,16,S-Core Dream
NameArray:3,Win,1,에스코어 드림 7 ExtraBold
NameArray:3,Win,16,에스코어 드림
%EndFont

%BeginFont
Handler:DirectoryHandler
FontType:Type1
FontName:S-CoreDream-8Heavy
FamilyName:S-Core Dream
StyleName:8 Heavy
FullName:S-Core Dream 8 Heavy
MenuName:에스코어 드림 8 Heavy
StyleBits:0
FamilyNameNative:에스코어 드림
StyleNameNative:8 Heavy
FullNameNative:에스코어 드림 8 Heavy
WritingScript:Korean
OutlineFileName:C:\Users\102-01\Desktop\project2-최종\Font\SCDream8.otf
DataFormat:sfntData
UsesStandardEncoding:yes
isCFF:yes
hasSVG:no
VariableFontType:NonVariableFont
FileLength:743788
FileModTime:1686696376
WeightClass:800
WidthClass:5
AngleClass:0
NameArray:0,Mac,4,S-Core Dream 8 Heavy
NameArray:0,Win,1,S-Core Dream 8 Heavy
NameArray:0,Win,16,S-Core Dream
NameArray:3,Win,1,에스코어 드림 8 Heavy
NameArray:3,Win,16,에스코어 드림
%EndFont

%BeginFont
Handler:DirectoryHandler
FontType:Type1
FontName:S-CoreDream-9Black
FamilyName:S-Core Dream
StyleName:9 Black
FullName:S-Core Dream 9 Black
MenuName:에스코어 드림 9 Black
StyleBits:0
FamilyNameNative:에스코어 드림
StyleNameNative:9 Black
FullNameNative:에스코어 드림 9 Black
WritingScript:Korean
OutlineFileName:C:\Users\102-01\Desktop\project2-최종\Font\SCDream9.otf
DataFormat:sfntData
UsesStandardEncoding:yes
isCFF:yes
hasSVG:no
VariableFontType:NonVariableFont
FileLength:742664
FileModTime:1686696376
WeightClass:900
WidthClass:5
AngleClass:0
NameArray:0,Mac,4,S-Core Dream 9 Black
NameArray:0,Win,1,S-Core Dream 9 Black
NameArray:0,Win,16,S-Core Dream
NameArray:3,Win,1,에스코어 드림 9 Black
NameArray:3,Win,16,에스코어 드림
%EndFont

%BeginFont
Handler:DirectoryHandler
FontType:TrueType
FontName:SourceSansPro-Black
FamilyName:Source Sans Pro Black
StyleName:Regular
FullName:Source Sans Pro Black
MenuName:Source Sans Pro Black
StyleBits:0
WritingScript:Roman
OutlineFileName:C:\Users\102-01\Desktop\project2-최종\Font\SourceSansPro-Black.ttf
DataFormat:sfntData
hasSVG:no
VariableFontType:NonVariableFont
FileLength:167004
FileModTime:1686696376
WeightClass:900
WidthClass:5
AngleClass:0
NameArray:0,Win,1,Source Sans Pro Black
%EndFont

%BeginFont
Handler:DirectoryHandler
FontType:TrueType
FontName:SourceSansPro-BlackItalic
FamilyName:Source Sans Pro Black
StyleName:Italic
FullName:Source Sans Pro Black Italic
MenuName:Source Sans Pro Black
StyleBits:1
WritingScript:Roman
OutlineFileName:C:\Users\102-01\Desktop\project2-최종\Font\SourceSansPro-BlackItalic.ttf
DataFormat:sfntData
hasSVG:no
VariableFontType:NonVariableFont
FileLength:95872
FileModTime:1686696376
WeightClass:900
WidthClass:5
AngleClass:1
NameArray:0,Win,1,Source Sans Pro Black
%EndFont

%BeginFont
Handler:DirectoryHandler
FontType:TrueType
FontName:SourceSansPro-Bold
FamilyName:Source Sans Pro
StyleName:Bold
FullName:Source Sans Pro Bold
MenuName:Source Sans Pro
StyleBits:2
WritingScript:Roman
OutlineFileName:C:\Users\102-01\Desktop\project2-최종\Font\SourceSansPro-Bold.ttf
DataFormat:sfntData
hasSVG:no
VariableFontType:NonVariableFont
FileLength:167524
FileModTime:1686696376
WeightClass:700
WidthClass:5
AngleClass:0
NameArray:0,Win,1,Source Sans Pro
%EndFont

%BeginFont
Handler:DirectoryHandler
FontType:TrueType
FontName:SourceSansPro-BoldItalic
FamilyName:Source Sans Pro
StyleName:Bold Italic
FullName:Source Sans Pro Bold Italic
MenuName:Source Sans Pro
StyleBits:3
WritingScript:Roman
OutlineFileName:C:\Users\102-01\Desktop\project2-최종\Font\SourceSansPro-BoldItalic.ttf
DataFormat:sfntData
hasSVG:no
VariableFontType:NonVariableFont
FileLength:96680
FileModTime:1686696376
WeightClass:700
WidthClass:5
AngleClass:1
NameArray:0,Win,1,Source Sans Pro
%EndFont

%BeginFont
Handler:DirectoryHandler
FontType:TrueType
FontName:SourceSansPro-ExtraLight
FamilyName:Source Sans Pro ExtraLight
StyleName:Regular
FullName:Source Sans Pro ExtraLight
MenuName:Source Sans Pro ExtraLight
StyleBits:0
WritingScript:Roman
OutlineFileName:C:\Users\102-01\Desktop\project2-최종\Font\SourceSansPro-ExtraLight.ttf
DataFormat:sfntData
hasSVG:no
VariableFontType:NonVariableFont
FileLength:166564
FileModTime:1686696376
WeightClass:200
WidthClass:5
AngleClass:0
NameArray:0,Win,1,Source Sans Pro ExtraLight
%EndFont

%BeginFont
Handler:DirectoryHandler
FontType:TrueType
FontName:SourceSansPro-ExtraLightItalic
FamilyName:Source Sans Pro ExtraLight
StyleName:Italic
FullName:Source Sans Pro ExtraLight Italic
MenuName:Source Sans Pro ExtraLight
StyleBits:1
WritingScript:Roman
OutlineFileName:C:\Users\102-01\Desktop\project2-최종\Font\SourceSansPro-ExtraLightItalic.ttf
DataFormat:sfntData
hasSVG:no
VariableFontType:NonVariableFont
FileLength:96856
FileModTime:1686696376
WeightClass:200
WidthClass:5
AngleClass:1
NameArray:0,Win,1,Source Sans Pro ExtraLight
%EndFont

%BeginFont
Handler:DirectoryHandler
FontType:TrueType
FontName:SourceSansPro-Italic
FamilyName:Source Sans Pro
StyleName:Italic
FullName:Source Sans Pro Italic
MenuName:Source Sans Pro
StyleBits:1
WritingScript:Roman
OutlineFileName:C:\Users\102-01\Desktop\project2-최종\Font\SourceSansPro-Italic.ttf
DataFormat:sfntData
hasSVG:no
VariableFontType:NonVariableFont
FileLength:96968
FileModTime:1686696376
WeightClass:400
WidthClass:5
AngleClass:1
NameArray:0,Win,1,Source Sans Pro
%EndFont

%BeginFont
Handler:DirectoryHandler
FontType:TrueType
FontName:SourceSansPro-Light
FamilyName:Source Sans Pro Light
StyleName:Regular
FullName:Source Sans Pro Light
MenuName:Source Sans Pro Light
StyleBits:0
WritingScript:Roman
OutlineFileName:C:\Users\102-01\Desktop\project2-최종\Font\SourceSansPro-Light.ttf
DataFormat:sfntData
hasSVG:no
VariableFontType:NonVariableFont
FileLength:167276
FileModTime:1686696376
WeightClass:300
WidthClass:5
AngleClass:0
NameArray:0,Win,1,Source Sans Pro Light
%EndFont

%BeginFont
Handler:DirectoryHandler
FontType:TrueType
FontName:SourceSansPro-LightItalic
FamilyName:Source Sans Pro Light
StyleName:Italic
FullName:Source Sans Pro Light Italic
MenuName:Source Sans Pro Light
StyleBits:1
WritingScript:Roman
OutlineFileName:C:\Users\102-01\Desktop\project2-최종\Font\SourceSansPro-LightItalic.ttf
DataFormat:sfntData
hasSVG:no
VariableFontType:NonVariableFont
FileLength:97500
FileModTime:1686696376
WeightClass:300
WidthClass:5
AngleClass:1
NameArray:0,Win,1,Source Sans Pro Light
%EndFont

%BeginFont
Handler:DirectoryHandler
FontType:TrueType
FontName:SourceSansPro-Regular
FamilyName:Source Sans Pro
StyleName:Regular
FullName:Source Sans Pro
MenuName:Source Sans Pro
StyleBits:0
WritingScript:Roman
OutlineFileName:C:\Users\102-01\Desktop\project2-최종\Font\SourceSansPro-Regular.ttf
DataFormat:sfntData
hasSVG:no
VariableFontType:NonVariableFont
FileLength:167952
FileModTime:1686696376
WeightClass:400
WidthClass:5
AngleClass:0
NameArray:0,Win,1,Source Sans Pro
%EndFont

%BeginFont
Handler:DirectoryHandler
FontType:TrueType
FontName:SourceSansPro-SemiBold
FamilyName:Source Sans Pro SemiBold
StyleName:Regular
FullName:Source Sans Pro SemiBold
MenuName:Source Sans Pro SemiBold
StyleBits:0
WritingScript:Roman
OutlineFileName:C:\Users\102-01\Desktop\project2-최종\Font\SourceSansPro-SemiBold.ttf
DataFormat:sfntData
hasSVG:no
VariableFontType:NonVariableFont
FileLength:167636
FileModTime:1686696376
WeightClass:600
WidthClass:5
AngleClass:0
NameArray:0,Win,1,Source Sans Pro SemiBold
%EndFont

%BeginFont
Handler:DirectoryHandler
FontType:TrueType
FontName:SourceSansPro-SemiBoldItalic
FamilyName:Source Sans Pro SemiBold
StyleName:Italic
FullName:Source Sans Pro SemiBold Italic
MenuName:Source Sans Pro SemiBold
StyleBits:1
WritingScript:Roman
OutlineFileName:C:\Users\102-01\Desktop\project2-최종\Font\SourceSansPro-SemiBoldItalic.ttf
DataFormat:sfntData
hasSVG:no
VariableFontType:NonVariableFont
FileLength:96708
FileModTime:1686696376
WeightClass:600
WidthClass:5
AngleClass:1
NameArray:0,Win,1,Source Sans Pro SemiBold
%EndFont

